// Vitest Snapshot v1, https://vitest.dev/guide/snapshot.html

exports[`golden snapshot > generates a stable case + rendered documents at (buriedWitness, seed 7) 1`] = `
{
  "caseFileId": "rec_casefile",
  "entities": {
    "across_town": {
      "id": "across_town",
      "name": "the Westside bar",
      "type": "place",
    },
    "culprit": {
      "factionId": "the-heights",
      "id": "culprit",
      "name": "Cole Voss",
      "type": "person",
    },
    "editor": {
      "factionId": "the-press",
      "id": "editor",
      "name": "Dale Frey",
      "type": "person",
    },
    "flat": {
      "id": "flat",
      "name": "the victim's flat on Delmar",
      "type": "place",
    },
    "patron": {
      "factionId": "the-heights",
      "id": "patron",
      "name": "Vera Mott",
      "type": "person",
    },
    "reporter": {
      "factionId": "the-press",
      "id": "reporter",
      "name": "Iris Pike",
      "type": "person",
    },
    "suspect_b": {
      "id": "suspect_b",
      "name": "Sol Crane",
      "type": "person",
    },
    "victim": {
      "id": "victim",
      "name": "Mara Hale",
      "type": "person",
    },
    "witness_phone": {
      "id": "witness_phone",
      "name": "the witness's telephone line",
      "type": "phone",
    },
  },
  "groundTruth": [
    {
      "object": "victim",
      "predicate": "killed",
      "subject": "culprit",
      "text": "Cole Voss killed Mara Hale.",
      "truthful": true,
    },
    {
      "object": "flat",
      "predicate": "at-scene",
      "subject": "culprit",
      "text": "Cole Voss was at the victim's flat on Delmar.",
      "truthful": true,
    },
    {
      "object": "flat",
      "predicate": "location@2300",
      "subject": "culprit",
      "text": "Cole Voss was at the victim's flat on Delmar at 2300.",
      "truthful": true,
    },
    {
      "object": "flat",
      "predicate": "location@2300",
      "subject": "patron",
      "text": "Vera Mott was near the victim's flat on Delmar at 2300.",
      "truthful": true,
    },
  ],
  "records": [
    {
      "clearanceCost": 0,
      "fidelity": "true",
      "id": "rec_casefile",
      "leads": [
        "patron",
        "culprit",
        "suspect_b",
        "flat",
      ],
      "rendered": "Cold Case File — a death at the victim's flat, ruled inconclusive
[case-file · fidelity recorded internally]
  • Mara Hale was found dead at the victim's flat on Delmar; ruled inconclusive.",
      "type": "case-file",
    },
    {
      "clearanceCost": 1,
      "fidelity": "false",
      "id": "rec_witness_stmt",
      "leads": [
        "witness_phone",
        "across_town",
        "culprit",
      ],
      "rendered": "Statement of Vera Mott
[witness-statement · fidelity recorded internally]
  • Vera Mott states they were at the Westside bar at 2300.
  • Vera Mott states Cole Voss was with them at the Westside bar at 2300.",
      "type": "witness-statement",
    },
    {
      "clearanceCost": 1,
      "fidelity": "true",
      "id": "rec_phone",
      "leads": [
        "flat",
      ],
      "rendered": "Telephone records — Vera Mott
[phone-records · fidelity recorded internally]
  • Vera Mott's line placed a call from beside the victim's flat on Delmar at 2300.",
      "type": "phone-records",
    },
    {
      "clearanceCost": 1,
      "fidelity": "true",
      "id": "rec_property",
      "leads": [
        "patron",
      ],
      "rendered": "Property & associations
[property-record · fidelity recorded internally]
  • Cole Voss and Vera Mott are long-time associates.",
      "type": "property-record",
    },
    {
      "clearanceCost": 1,
      "fidelity": "true",
      "id": "rec_autopsy",
      "leads": [
        "flat",
      ],
      "rendered": "Autopsy — Mara Hale
[autopsy · fidelity recorded internally]
  • Time of death fixed at 2300; struck during a late-night argument.
  • Mara Hale died at the victim's flat on Delmar.",
      "type": "autopsy",
    },
    {
      "clearanceCost": 1,
      "fidelity": "biased",
      "id": "rec_decoy_reporter",
      "leads": [
        "reporter",
      ],
      "rendered": "Anonymous tip — Iris Pike
[witness-statement · fidelity recorded internally]
  • Grapevine ties Iris Pike to Mara Hale's death — a contract job ordered from above.",
      "type": "witness-statement",
    },
    {
      "clearanceCost": 1,
      "fidelity": "biased",
      "id": "rec_decoy_editor",
      "leads": [
        "editor",
      ],
      "rendered": "Anonymous tip — Dale Frey
[witness-statement · fidelity recorded internally]
  • Grapevine ties Dale Frey to Mara Hale's death — a second hand at the scene.",
      "type": "witness-statement",
    },
  ],
  "seed": 7,
  "solution": {
    "culpritId": "culprit",
    "keyContradiction": [
      "rec_witness_stmt",
      "rec_phone",
    ],
    "keyFact": "where",
    "predicate": "location@2300",
  },
  "suspects": [
    "culprit",
    "suspect_b",
    "patron",
  ],
}
`;
